// Jest Snapshot v1, https://goo.gl/fbAQLP

exports[`evaluateFixtures() handles ambiguous operation names in multi-project fixtures with errors 1`] = `
Array [
  Object {
    "fixturePath": "packages/graphql-validate-fixtures/test/fixtures/ambiguous-operation/fixtures/projectA/AmbiguousQuery/fixture.json",
    "validationErrors": Array [
      [Error: Ambiguous operation name 'AmbiguousQuery' in 'packages/graphql-validate-fixtures/test/fixtures/ambiguous-operation/fixtures/projectA/AmbiguousQuery/fixture.json' for projects: projectA, projectB],
    ],
  },
  Object {
    "fixturePath": "packages/graphql-validate-fixtures/test/fixtures/ambiguous-operation/fixtures/projectB/AmbiguousQuery/fixture.json",
    "validationErrors": Array [
      [Error: Ambiguous operation name 'AmbiguousQuery' in 'packages/graphql-validate-fixtures/test/fixtures/ambiguous-operation/fixtures/projectB/AmbiguousQuery/fixture.json' for projects: projectA, projectB],
    ],
  },
]
`;

exports[`evaluateFixtures() handles fixtures that are invalid json 1`] = `
Array [
  Object {
    "fixturePath": "packages/graphql-validate-fixtures/test/fixtures/fixture-invalid/fixtures/another-fixture.json",
    "scriptError": [SyntaxError: packages/graphql-validate-fixtures/test/fixtures/fixture-invalid/fixtures/another-fixture.json: Unexpected string in JSON at position 35],
    "validationErrors": Array [],
  },
  Object {
    "fixturePath": "packages/graphql-validate-fixtures/test/fixtures/fixture-invalid/fixtures/MyQuery/fixture.json",
    "operationName": "MyQuery",
    "operationPath": "packages/graphql-validate-fixtures/test/fixtures/fixture-invalid/queries/Query.graphql",
    "operationType": "query",
    "validationErrors": Array [],
  },
]
`;

exports[`evaluateFixtures() handles fixtures with errors 1`] = `
Array [
  Object {
    "fixturePath": "packages/graphql-validate-fixtures/test/fixtures/fixture-errors/fixtures/another-fixture.json",
    "operationName": "AnotherQuery",
    "operationPath": "packages/graphql-validate-fixtures/test/fixtures/fixture-errors/queries/Another.graphql",
    "operationType": "query",
    "validationErrors": Array [
      Object {
        "keyPath": "name",
        "message": "should be a string but was a number",
      },
      Object {
        "keyPath": "age",
        "message": "should be non-null but was undefined",
      },
    ],
  },
  Object {
    "fixturePath": "packages/graphql-validate-fixtures/test/fixtures/fixture-errors/fixtures/MyQuery/fixture.json",
    "operationName": "MyQuery",
    "operationPath": "packages/graphql-validate-fixtures/test/fixtures/fixture-errors/queries/Query.graphql",
    "operationType": "query",
    "validationErrors": Array [],
  },
]
`;

exports[`evaluateFixtures() handles fixtures without errors 1`] = `
Array [
  Object {
    "fixturePath": "packages/graphql-validate-fixtures/test/fixtures/all-clear/fixtures/another-another-fixture.json",
    "operationName": "Another",
    "operationPath": "packages/graphql-validate-fixtures/test/fixtures/all-clear/queries/Another.graphql",
    "operationType": "query",
    "validationErrors": Array [],
  },
  Object {
    "fixturePath": "packages/graphql-validate-fixtures/test/fixtures/all-clear/fixtures/another-fixture.json",
    "operationName": "AnotherQuery",
    "operationPath": "packages/graphql-validate-fixtures/test/fixtures/all-clear/queries/Another.graphql",
    "operationType": "query",
    "validationErrors": Array [],
  },
  Object {
    "fixturePath": "packages/graphql-validate-fixtures/test/fixtures/all-clear/fixtures/MyQuery/fixture.json",
    "operationName": "MyQuery",
    "operationPath": "packages/graphql-validate-fixtures/test/fixtures/all-clear/queries/Query.graphql",
    "operationType": "query",
    "validationErrors": Array [],
  },
]
`;

exports[`evaluateFixtures() handles missing operation names in multi-project fixtures with errors 1`] = `
Array [
  Object {
    "fixturePath": "packages/graphql-validate-fixtures/test/fixtures/missing-operation/fixtures/projectA/AQuery/fixture.json",
    "operationName": "AQuery",
    "operationPath": "packages/graphql-validate-fixtures/test/fixtures/missing-operation/queries/projectA/Query.graphql",
    "operationType": "query",
    "validationErrors": Array [],
  },
  Object {
    "fixturePath": "packages/graphql-validate-fixtures/test/fixtures/missing-operation/fixtures/projectB/Missing/fixture.json",
    "validationErrors": Array [
      [Error: Could not find a matching operation (looked for 'Missing' based on the fixtureâ€™s directory name). Make sure to put your fixture in a folder named the same as the operation, or add an '@operation' key indicating the operation.. Available operations: A, B],
    ],
  },
]
`;

exports[`evaluateFixtures() handles multi-project fixtures without errors 1`] = `
Array [
  Object {
    "fixturePath": "packages/graphql-validate-fixtures/test/fixtures/multi-project/fixtures/projectA/AQuery/fixture.json",
    "operationName": "AQuery",
    "operationPath": "packages/graphql-validate-fixtures/test/fixtures/multi-project/queries/projectA/Query.graphql",
    "operationType": "query",
    "validationErrors": Array [],
  },
  Object {
    "fixturePath": "packages/graphql-validate-fixtures/test/fixtures/multi-project/fixtures/projectB/BQuery/fixture.json",
    "operationName": "BQuery",
    "operationPath": "packages/graphql-validate-fixtures/test/fixtures/multi-project/queries/projectB/Query.graphql",
    "operationType": "query",
    "validationErrors": Array [],
  },
]
`;

exports[`evaluateFixtures() throws an error when the schema is not found 1`] = `
[Error: Error parsing 'packages/graphql-validate-fixtures/test/fixtures/missing-schema/schema.json':

ENOENT: no such file or directory, open 'packages/graphql-validate-fixtures/test/fixtures/missing-schema/schema.json']
`;

exports[`evaluateFixtures() throws an error when there are malformed GraphQL documents 1`] = `
[Error: Error parsing 'packages/graphql-validate-fixtures/test/fixtures/malformed-query/queries/Another.graphql':

Syntax Error: Expected {, found Name "name"]
`;
